go.exe : go: downloading github.com/hashicorp/hcl/v2 v2.19.1
所在位置 行:1 字符: 5
+ & { & 'C:\Program Files\Go\bin\go.exe' test -v ./internal/fixer/... 2 ...
+     ~~~~~~~~~~~~~~~~~~~~~~~~~~~~~~~~~~~~~~~~~~~~~~~~~~~~~~~~~~~~~~~~~
    + CategoryInfo          : NotSpecified: (go: downloading.../hcl/v2 v2.19.1: 
   String) [], RemoteException
    + FullyQualifiedErrorId : NativeCommandError
 
# github.com/terraform-lint/terraform-lint/internal/fixer
internal\types\types.go:4:2: github.com/hashicorp/hcl/v2@v2.19.1: Get "https://p
roxy.golang.org/github.com/hashicorp/hcl/v2/@v/v2.19.1.zip": dial tcp 142.251.34
.209:443: connectex: A connection attempt failed because the connected party did
 not properly respond after a period of time, or established connection failed b
ecause connected host has failed to respond.
FAIL	github.com/terraform-lint/terraform-lint/internal/fixer [setup failed]
FAIL
